// Jest Snapshot v1, https://goo.gl/fbAQLP

exports[`pruebas al componente <DeleteEventFab /> debe mostrarse correctamente 1`] = `
<button
  className="btn btn-danger fab-danger"
  onClick={[Function]}
>
  <i
    className="fas fa-trash"
  />
  <span>
    Borrar evento
  </span>
</button>
`;
